<?xml version="1.0" encoding="utf-8" ?>
<result>
	<row>
		<actionDetails>
			<row>
				<type>action</type>
				<url>http://example.org/index.htm</url>
				<pageTitle>View product left in cart</pageTitle>
				<pageIdAction>2</pageIdAction>
				
				<pageId>11</pageId>
				<customVariables>
					<row>
						<customVariablePageName2>_pkp</customVariablePageName2>
						<customVariablePageValue2>999</customVariablePageValue2>
					</row>
					<row>
						<customVariablePageName3>_pks</customVariablePageName3>
						<customVariablePageValue3>SKU VERY nice indeed</customVariablePageValue3>
					</row>
					<row>
						<customVariablePageName4>_pkn</customVariablePageName4>
						<customVariablePageValue4>PRODUCT THREE LEFT in cart</customVariablePageValue4>
					</row>
					<row>
						<customVariablePageName5>_pkc</customVariablePageName5>
						<customVariablePageValue5 />
					</row>
				</customVariables>
				<timeSpent>180</timeSpent>
				<timeSpentPretty>3 min 0s</timeSpentPretty>
				<icon />
			</row>
			<row>
				<type>action</type>
				<url>http://example.org/index.htm</url>
				<pageTitle>View product left in cart</pageTitle>
				<pageIdAction>2</pageIdAction>
				
				<pageId>12</pageId>
				<customVariables>
					<row>
						<customVariablePageName2>_pkp</customVariablePageName2>
						<customVariablePageValue2>333</customVariablePageValue2>
					</row>
					<row>
						<customVariablePageName3>_pks</customVariablePageName3>
						<customVariablePageValue3>SKU VERY nice indeed</customVariablePageValue3>
					</row>
					<row>
						<customVariablePageName4>_pkn</customVariablePageName4>
						<customVariablePageValue4>PRODUCT THREE LEFT in cart</customVariablePageValue4>
					</row>
					<row>
						<customVariablePageName5>_pkc</customVariablePageName5>
						<customVariablePageValue5 />
					</row>
				</customVariables>
				<timeSpent>180</timeSpent>
				<timeSpentPretty>3 min 0s</timeSpentPretty>
				<icon />
			</row>
			<row>
				<type>action</type>
				<url>http://example.org/index.htm</url>
				<pageTitle>View product left in cart</pageTitle>
				<pageIdAction>2</pageIdAction>
				
				<pageId>13</pageId>
				<customVariables>
					<row>
						<customVariablePageName3>_pks</customVariablePageName3>
						<customVariablePageValue3>SKU IN ABANDONED CART TWO</customVariablePageValue3>
					</row>
					<row>
						<customVariablePageName4>_pkn</customVariablePageName4>
						<customVariablePageValue4>PRODUCT TWO LEFT in cart</customVariablePageValue4>
					</row>
					<row>
						<customVariablePageName5>_pkc</customVariablePageName5>
						<customVariablePageValue5>Category TWO LEFT in cart</customVariablePageValue5>
					</row>
				</customVariables>
				<icon />
			</row>
			<row>
				<type>ecommerceAbandonedCart</type>
				<revenue>2510</revenue>
				<items>4</items>
				
				<itemDetails>
					<row>
						<itemSKU>SKU VERY nice indeed</itemSKU>
						<itemName>PRODUCT THREE LEFT in cart</itemName>
						<itemCategory>Electronics &amp; Cameras</itemCategory>
						<price>10</price>
						<quantity>1</quantity>
					</row>
					<row>
						<itemSKU>SKU IN ABANDONED CART ONE</itemSKU>
						<itemName>PRODUCT ONE LEFT in cart</itemName>
						<itemCategory />
						<price>500.11</price>
						<quantity>1</quantity>
					</row>
					<row>
						<itemSKU>SKU IN ABANDONED CART TWO</itemSKU>
						<itemName>PRODUCT TWO LEFT in cart</itemName>
						<itemCategory>Category TWO LEFT in cart</itemCategory>
						<price>1000</price>
						<quantity>2</quantity>
					</row>
				</itemDetails>
				<icon>plugins/Morpheus/images/ecommerceAbandonedCart.gif</icon>
			</row>
		</actionDetails>
		<actions>3</actions>
		<browserCode>FF</browserCode>
		<browserFamily>gecko</browserFamily>
		<browserFamilyDescription>Gecko (Firefox)</browserFamilyDescription>
		<browserIcon>plugins/UserSettings/images/browsers/FF.gif</browserIcon>
		<browserName>Firefox 3.6</browserName>
		<browserVersion>3.6</browserVersion>
		<city />
		<continent>Europe</continent>
		<continentCode>eur</continentCode>
		<country>Poland</country>
		<countryCode>pl</countryCode>
		<countryFlag>plugins/UserCountry/images/flags/pl.png</countryFlag>
		<customVariables>
			<row>
				<customVariableName3>VisitorName</customVariableName3>
				<customVariableValue3>Great name!</customVariableValue3>
			</row>
			<row>
				<customVariableName4>ValueIsZero</customVariableName4>
				<customVariableValue4>0</customVariableValue4>
			</row>
			<row>
				<customVariableName5>VisitorType</customVariableName5>
				<customVariableValue5>NewLoggedOut</customVariableValue5>
			</row>
		</customVariables>
		<daysSinceFirstVisit>0</daysSinceFirstVisit>
		<daysSinceLastEcommerceOrder>0</daysSinceLastEcommerceOrder>
		<daysSinceLastVisit>0</daysSinceLastVisit>
		<deviceType>Desktop</deviceType>
		<events>0</events>
		
		<goalConversions>0</goalConversions>
		<idSite>1</idSite>
		<idVisit>3</idVisit>
		
		
		<latitude />
		<location>Poland</location>
		<longitude />
		<operatingSystem>Windows XP</operatingSystem>
		<operatingSystemCode>WXP</operatingSystemCode>
		<operatingSystemIcon>plugins/UserSettings/images/os/WXP.gif</operatingSystemIcon>
		<operatingSystemShortName>Win XP</operatingSystemShortName>
		<plugins>flash, java</plugins>
		<pluginsIcons>
			<row>
				<pluginIcon>plugins/UserSettings/images/plugins/flash.gif</pluginIcon>
				<pluginName>flash</pluginName>
			</row>
			<row>
				<pluginIcon>plugins/UserSettings/images/plugins/java.gif</pluginIcon>
				<pluginName>java</pluginName>
			</row>
		</pluginsIcons>
		<provider>Unknown</provider>
		<providerName>Unknown</providerName>
		<providerUrl>http://piwik.org/faq/general/#faq_52</providerUrl>
		<referrerKeyword />
		<referrerKeywordPosition />
		<referrerName />
		<referrerSearchEngineIcon />
		<referrerSearchEngineUrl />
		<referrerType>direct</referrerType>
		<referrerTypeName>Direct Entry</referrerTypeName>
		<referrerUrl />
		<region />
		<regionCode />
		<resolution>1024x768</resolution>
		<screenType>normal</screenType>
		<screenTypeIcon>plugins/UserSettings/images/screens/normal.gif</screenTypeIcon>
		<searches>0</searches>
		
		<siteCurrency>USD</siteCurrency>
		<siteCurrencySymbol>$</siteCurrencySymbol>
		<visitConverted>0</visitConverted>
		<visitConvertedIcon />
		<visitCount>2</visitCount>
		<visitDuration>721</visitDuration>
		<visitDurationPretty>12 min 1s</visitDurationPretty>
		<visitEcommerceStatus>abandonedCart</visitEcommerceStatus>
		<visitEcommerceStatusIcon>plugins/Morpheus/images/ecommerceAbandonedCart.gif</visitEcommerceStatusIcon>
		<visitIp>156.5.3.2</visitIp>
		<visitLocalHour>12</visitLocalHour>
		<visitLocalTime>12:34:06</visitLocalTime>
		
		
		<visitorType>returningCustomer</visitorType>
		<visitorTypeIcon>plugins/Live/images/returningVisitor.gif</visitorTypeIcon>
		
		
		
		
		
	</row>
	<row>
		<actionDetails>
			<row>
				<type>action</type>
				<url>http://example.org/index.htm</url>
				<pageTitle>Looking at Electronics &amp; Cameras page with a page level custom variable</pageTitle>
				<pageIdAction>2</pageIdAction>
				
				<pageId>5</pageId>
				<customVariables>
					<row>
						<customVariablePageName5>_pkc</customVariablePageName5>
						<customVariablePageValue5>Electronics &amp; Cameras</customVariablePageValue5>
					</row>
				</customVariables>
				<timeSpent>360</timeSpent>
				<timeSpentPretty>6 min 0s</timeSpentPretty>
				<icon />
			</row>
			<row>
				<type>action</type>
				<url>http://example.org/index.htm</url>
				<pageTitle>Looking at Electronics &amp; Cameras page again</pageTitle>
				<pageIdAction>2</pageIdAction>
				
				<pageId>6</pageId>
				<customVariables>
					<row>
						<customVariablePageName5>_pkc</customVariablePageName5>
						<customVariablePageValue5>Electronics &amp; Cameras</customVariablePageValue5>
					</row>
				</customVariables>
				<timeSpent>360</timeSpent>
				<timeSpentPretty>6 min 0s</timeSpentPretty>
				<icon />
			</row>
			<row>
				<type>action</type>
				<url>http://example.org/index.htm</url>
				<pageTitle>Looking at product page</pageTitle>
				<pageIdAction>2</pageIdAction>
				
				<pageId>7</pageId>
				<customVariables>
					<row>
						<customVariablePageName2>_pkp</customVariablePageName2>
						<customVariablePageValue2>666</customVariablePageValue2>
					</row>
					<row>
						<customVariablePageName3>_pks</customVariablePageName3>
						<customVariablePageValue3>SKU VERY nice indeed</customVariablePageValue3>
					</row>
					<row>
						<customVariablePageName4>_pkn</customVariablePageName4>
						<customVariablePageValue4>PRODUCT name</customVariablePageValue4>
					</row>
					<row>
						<customVariablePageName5>_pkc</customVariablePageName5>
						<customVariablePageValue5>Electronics &amp; Cameras</customVariablePageValue5>
					</row>
				</customVariables>
				<timeSpent>720</timeSpent>
				<timeSpentPretty>12 min 0s</timeSpentPretty>
				<icon />
			</row>
			<row>
				<type>ecommerceOrder</type>
				<orderId>937nsjusu 3894</orderId>
				<revenue>1111</revenue>
				<revenueSubTotal>1000</revenueSubTotal>
				<revenueTax>111</revenueTax>
				<revenueShipping>0.11</revenueShipping>
				<revenueDiscount>666</revenueDiscount>
				<items>8</items>
				
				<itemDetails>
					<row>
						<itemSKU>SKU VERY nice indeed</itemSKU>
						<itemName>PRODUCT name</itemName>
						<itemCategory>Multiple Category 1</itemCategory>
						<price>500</price>
						<quantity>2</quantity>
					</row>
					<row>
						<itemSKU>ANOTHER SKU HERE</itemSKU>
						<itemName>PRODUCT name BIS</itemName>
						<itemCategory />
						<price>100</price>
						<quantity>6</quantity>
					</row>
				</itemDetails>
				<icon>plugins/Morpheus/images/ecommerceOrder.gif</icon>
			</row>
			<row>
				<type>ecommerceOrder</type>
				<orderId>1037nsjusu4s3894</orderId>
				<revenue>2000</revenue>
				<revenueSubTotal>1500</revenueSubTotal>
				<revenueTax>400</revenueTax>
				<revenueShipping>100</revenueShipping>
				<revenueDiscount>0</revenueDiscount>
				<items>2</items>
				
				<itemDetails>
					<row>
						<itemSKU>SKU VERY nice indeed</itemSKU>
						<itemName>PRODUCT name</itemName>
						<itemCategory />
						<price>11.22</price>
						<quantity>1</quantity>
					</row>
					<row>
						<itemSKU>SKU2</itemSKU>
						<itemName>Canon SLR</itemName>
						<itemCategory>Electronics &amp; Cameras</itemCategory>
						<price>1500</price>
						<quantity>1</quantity>
					</row>
				</itemDetails>
				<icon>plugins/Morpheus/images/ecommerceOrder.gif</icon>
			</row>
			<row>
				<type>action</type>
				<url>http://example.org/index.htm</url>
				<pageTitle>View product left in cart</pageTitle>
				<pageIdAction>2</pageIdAction>
				
				<pageId>8</pageId>
				<customVariables>
					<row>
						<customVariablePageName2>_pkp</customVariablePageName2>
						<customVariablePageValue2>999</customVariablePageValue2>
					</row>
					<row>
						<customVariablePageName3>_pks</customVariablePageName3>
						<customVariablePageValue3>SKU VERY nice indeed</customVariablePageValue3>
					</row>
					<row>
						<customVariablePageName4>_pkn</customVariablePageName4>
						<customVariablePageValue4>PRODUCT THREE LEFT in cart</customVariablePageValue4>
					</row>
					<row>
						<customVariablePageName5>_pkc</customVariablePageName5>
						<customVariablePageValue5 />
					</row>
				</customVariables>
				<timeSpent>180</timeSpent>
				<timeSpentPretty>3 min 0s</timeSpentPretty>
				<icon />
			</row>
			<row>
				<type>action</type>
				<url>http://example.org/index.htm</url>
				<pageTitle>View product left in cart</pageTitle>
				<pageIdAction>2</pageIdAction>
				
				<pageId>9</pageId>
				<customVariables>
					<row>
						<customVariablePageName2>_pkp</customVariablePageName2>
						<customVariablePageValue2>333</customVariablePageValue2>
					</row>
					<row>
						<customVariablePageName3>_pks</customVariablePageName3>
						<customVariablePageValue3>SKU VERY nice indeed</customVariablePageValue3>
					</row>
					<row>
						<customVariablePageName4>_pkn</customVariablePageName4>
						<customVariablePageValue4>PRODUCT THREE LEFT in cart</customVariablePageValue4>
					</row>
					<row>
						<customVariablePageName5>_pkc</customVariablePageName5>
						<customVariablePageValue5 />
					</row>
				</customVariables>
				<timeSpent>180</timeSpent>
				<timeSpentPretty>3 min 0s</timeSpentPretty>
				<icon />
			</row>
			<row>
				<type>action</type>
				<url>http://example.org/index.htm</url>
				<pageTitle>View product left in cart</pageTitle>
				<pageIdAction>2</pageIdAction>
				
				<pageId>10</pageId>
				<customVariables>
					<row>
						<customVariablePageName3>_pks</customVariablePageName3>
						<customVariablePageValue3>SKU IN ABANDONED CART TWO</customVariablePageValue3>
					</row>
					<row>
						<customVariablePageName4>_pkn</customVariablePageName4>
						<customVariablePageValue4>PRODUCT TWO LEFT in cart</customVariablePageValue4>
					</row>
					<row>
						<customVariablePageName5>_pkc</customVariablePageName5>
						<customVariablePageValue5>Category TWO LEFT in cart</customVariablePageValue5>
					</row>
				</customVariables>
				<icon />
			</row>
			<row>
				<type>ecommerceAbandonedCart</type>
				<revenue>2510</revenue>
				<items>4</items>
				
				<itemDetails>
					<row>
						<itemSKU>SKU VERY nice indeed</itemSKU>
						<itemName>PRODUCT THREE LEFT in cart</itemName>
						<itemCategory>Electronics &amp; Cameras</itemCategory>
						<price>10</price>
						<quantity>1</quantity>
					</row>
					<row>
						<itemSKU>SKU IN ABANDONED CART ONE</itemSKU>
						<itemName>PRODUCT ONE LEFT in cart</itemName>
						<itemCategory />
						<price>500.11</price>
						<quantity>1</quantity>
					</row>
					<row>
						<itemSKU>SKU IN ABANDONED CART TWO</itemSKU>
						<itemName>PRODUCT TWO LEFT in cart</itemName>
						<itemCategory>Category TWO LEFT in cart</itemCategory>
						<price>1000</price>
						<quantity>2</quantity>
					</row>
				</itemDetails>
				<icon>plugins/Morpheus/images/ecommerceAbandonedCart.gif</icon>
			</row>
		</actionDetails>
		<actions>6</actions>
		<browserCode>FF</browserCode>
		<browserFamily>gecko</browserFamily>
		<browserFamilyDescription>Gecko (Firefox)</browserFamilyDescription>
		<browserIcon>plugins/UserSettings/images/browsers/FF.gif</browserIcon>
		<browserName>Firefox 3.6</browserName>
		<browserVersion>3.6</browserVersion>
		<city />
		<continent>Europe</continent>
		<continentCode>eur</continentCode>
		<country>Poland</country>
		<countryCode>pl</countryCode>
		<countryFlag>plugins/UserCountry/images/flags/pl.png</countryFlag>
		<customVariables>
			<row>
				<customVariableName3>VisitorName</customVariableName3>
				<customVariableValue3>Great name!</customVariableValue3>
			</row>
			<row>
				<customVariableName4>ValueIsZero</customVariableName4>
				<customVariableValue4>0</customVariableValue4>
			</row>
			<row>
				<customVariableName5>VisitorType</customVariableName5>
				<customVariableValue5>NewLoggedOut</customVariableValue5>
			</row>
		</customVariables>
		<daysSinceFirstVisit>0</daysSinceFirstVisit>
		<daysSinceLastEcommerceOrder>0</daysSinceLastEcommerceOrder>
		<daysSinceLastVisit>0</daysSinceLastVisit>
		<deviceType>Desktop</deviceType>
		<events>0</events>
		
		<goalConversions>0</goalConversions>
		<idSite>1</idSite>
		<idVisit>2</idVisit>
		
		
		<latitude />
		<location>Poland</location>
		<longitude />
		<operatingSystem>Windows XP</operatingSystem>
		<operatingSystemCode>WXP</operatingSystemCode>
		<operatingSystemIcon>plugins/UserSettings/images/os/WXP.gif</operatingSystemIcon>
		<operatingSystemShortName>Win XP</operatingSystemShortName>
		<plugins>flash, java</plugins>
		<pluginsIcons>
			<row>
				<pluginIcon>plugins/UserSettings/images/plugins/flash.gif</pluginIcon>
				<pluginName>flash</pluginName>
			</row>
			<row>
				<pluginIcon>plugins/UserSettings/images/plugins/java.gif</pluginIcon>
				<pluginName>java</pluginName>
			</row>
		</pluginsIcons>
		<provider>Unknown</provider>
		<providerName>Unknown</providerName>
		<providerUrl>http://piwik.org/faq/general/#faq_52</providerUrl>
		<referrerKeyword />
		<referrerKeywordPosition />
		<referrerName />
		<referrerSearchEngineIcon />
		<referrerSearchEngineUrl />
		<referrerType>direct</referrerType>
		<referrerTypeName>Direct Entry</referrerTypeName>
		<referrerUrl />
		<region />
		<regionCode />
		<resolution>1024x768</resolution>
		<screenType>normal</screenType>
		<screenTypeIcon>plugins/UserSettings/images/screens/normal.gif</screenTypeIcon>
		<searches>0</searches>
		
		<siteCurrency>USD</siteCurrency>
		<siteCurrencySymbol>$</siteCurrencySymbol>
		<visitConverted>1</visitConverted>
		<visitConvertedIcon>plugins/Morpheus/images/goal.png</visitConvertedIcon>
		<visitCount>2</visitCount>
		<visitDuration>3961</visitDuration>
		<visitDurationPretty>1 hours 6 min</visitDurationPretty>
		<visitEcommerceStatus>orderedThenAbandonedCart</visitEcommerceStatus>
		<visitEcommerceStatusIcon>plugins/Morpheus/images/ecommerceOrder.gif</visitEcommerceStatusIcon>
		<visitIp>156.5.3.2</visitIp>
		<visitLocalHour>12</visitLocalHour>
		<visitLocalTime>12:34:06</visitLocalTime>
		
		
		<visitorType>returning</visitorType>
		<visitorTypeIcon>plugins/Live/images/returningVisitor.gif</visitorTypeIcon>
		
		
		
		
		
	</row>
	<row>
		<actionDetails>
			<row>
				<type>goal</type>
				<goalName>title match, triggered ONCE</goalName>
				<goalId>1</goalId>
				<revenue>10</revenue>
				<goalPageId>1</goalPageId>
				
				<url>http://example.org/index.htm</url>
				<icon>plugins/Morpheus/images/goal.png</icon>
			</row>
			<row>
				<type>action</type>
				<url>http://example.org/index.htm</url>
				<pageTitle>incredible title!</pageTitle>
				<pageIdAction>2</pageIdAction>
				
				<pageId>1</pageId>
				<customVariables>
					<row>
						<customVariablePageName2>_pkp</customVariablePageName2>
						<customVariablePageValue2>1111.11111</customVariablePageValue2>
					</row>
					<row>
						<customVariablePageName3>_pks</customVariablePageName3>
						<customVariablePageValue3>SKU2</customVariablePageValue3>
					</row>
					<row>
						<customVariablePageName4>_pkn</customVariablePageName4>
						<customVariablePageValue4>PRODUCT name</customVariablePageValue4>
					</row>
					<row>
						<customVariablePageName5>_pkc</customVariablePageName5>
						<customVariablePageValue5>Electronics &amp; Cameras</customVariablePageValue5>
					</row>
				</customVariables>
				<timeSpent>360</timeSpent>
				<timeSpentPretty>6 min 0s</timeSpentPretty>
				<icon />
			</row>
			<row>
				<type>action</type>
				<url>http://example.org/index.htm</url>
				<pageTitle>Another Product page</pageTitle>
				<pageIdAction>2</pageIdAction>
				
				<pageId>2</pageId>
				<customVariables>
					<row>
						<customVariablePageName2>_pkp</customVariablePageName2>
						<customVariablePageValue2>666</customVariablePageValue2>
					</row>
					<row>
						<customVariablePageName3>_pks</customVariablePageName3>
						<customVariablePageValue3>SKU VERY nice indeed</customVariablePageValue3>
					</row>
					<row>
						<customVariablePageName4>_pkn</customVariablePageName4>
						<customVariablePageValue4>PRODUCT name</customVariablePageValue4>
					</row>
					<row>
						<customVariablePageName5>_pkc</customVariablePageName5>
						<customVariablePageValue5>Electronics &amp; Cameras</customVariablePageValue5>
					</row>
				</customVariables>
				<timeSpent>360</timeSpent>
				<timeSpentPretty>6 min 0s</timeSpentPretty>
				<icon />
			</row>
			<row>
				<type>action</type>
				<url>http://example.org/index.htm</url>
				<pageTitle>Another Product page with no category</pageTitle>
				<pageIdAction>2</pageIdAction>
				
				<pageId>3</pageId>
				<customVariables>
					<row>
						<customVariablePageName2>_pkp</customVariablePageName2>
						<customVariablePageValue2>888</customVariablePageValue2>
					</row>
					<row>
						<customVariablePageName3>_pks</customVariablePageName3>
						<customVariablePageValue3>SKU VERY nice indeed</customVariablePageValue3>
					</row>
					<row>
						<customVariablePageName4>_pkn</customVariablePageName4>
						<customVariablePageValue4>PRODUCT name</customVariablePageValue4>
					</row>
					<row>
						<customVariablePageName5>_pkc</customVariablePageName5>
						<customVariablePageValue5 />
					</row>
				</customVariables>
				<timeSpent>0</timeSpent>
				<timeSpentPretty>0s</timeSpentPretty>
				<icon />
			</row>
			<row>
				<type>action</type>
				<url>http://example.org/index.htm</url>
				<pageTitle>Another Product page with multiple categories</pageTitle>
				<pageIdAction>2</pageIdAction>
				
				<pageId>4</pageId>
				<customVariables>
					<row>
						<customVariablePageName3>_pks</customVariablePageName3>
						<customVariablePageValue3>SKU VERY nice indeed</customVariablePageValue3>
					</row>
					<row>
						<customVariablePageName4>_pkn</customVariablePageName4>
						<customVariablePageValue4>PRODUCT name</customVariablePageValue4>
					</row>
					<row>
						<customVariablePageName5>_pkc</customVariablePageName5>
						<customVariablePageValue5>[&quot;Multiple Category 1&quot;,&quot;&quot;,0,&quot;Multiple Category 2&quot;,&quot;Electronics &amp; Cameras&quot;,&quot;Multiple Category 4&quot;,&quot;Multiple Category 5&quot;,&quot;SHOULD NOT BE REPORTEDSSSSSSSSSSSSSSssssssssssssssssssssssssssstttttttttttttttttt</customVariablePageValue5>
					</row>
				</customVariables>
				<icon />
			</row>
		</actionDetails>
		<actions>4</actions>
		<browserCode>FF</browserCode>
		<browserFamily>gecko</browserFamily>
		<browserFamilyDescription>Gecko (Firefox)</browserFamilyDescription>
		<browserIcon>plugins/UserSettings/images/browsers/FF.gif</browserIcon>
		<browserName>Firefox 3.6</browserName>
		<browserVersion>3.6</browserVersion>
		<city />
		<continent>Europe</continent>
		<continentCode>eur</continentCode>
		<country>France</country>
		<countryCode>fr</countryCode>
		<countryFlag>plugins/UserCountry/images/flags/fr.png</countryFlag>
		<customVariables>
			<row>
				<customVariableName4>ValueIsZero</customVariableName4>
				<customVariableValue4>0</customVariableValue4>
			</row>
			<row>
				<customVariableName5>VisitorType</customVariableName5>
				<customVariableValue5>NewLoggedOut</customVariableValue5>
			</row>
		</customVariables>
		<daysSinceFirstVisit>0</daysSinceFirstVisit>
		<daysSinceLastEcommerceOrder>0</daysSinceLastEcommerceOrder>
		<daysSinceLastVisit>0</daysSinceLastVisit>
		<deviceType>Desktop</deviceType>
		<events>0</events>
		
		<goalConversions>1</goalConversions>
		<idSite>1</idSite>
		<idVisit>1</idVisit>
		
		
		<latitude />
		<location>France</location>
		<longitude />
		<operatingSystem>Windows XP</operatingSystem>
		<operatingSystemCode>WXP</operatingSystemCode>
		<operatingSystemIcon>plugins/UserSettings/images/os/WXP.gif</operatingSystemIcon>
		<operatingSystemShortName>Win XP</operatingSystemShortName>
		<plugins>flash, java</plugins>
		<pluginsIcons>
			<row>
				<pluginIcon>plugins/UserSettings/images/plugins/flash.gif</pluginIcon>
				<pluginName>flash</pluginName>
			</row>
			<row>
				<pluginIcon>plugins/UserSettings/images/plugins/java.gif</pluginIcon>
				<pluginName>java</pluginName>
			</row>
		</pluginsIcons>
		<provider>Unknown</provider>
		<providerName>Unknown</providerName>
		<providerUrl>http://piwik.org/faq/general/#faq_52</providerUrl>
		<referrerKeyword />
		<referrerKeywordPosition />
		<referrerName />
		<referrerSearchEngineIcon />
		<referrerSearchEngineUrl />
		<referrerType>direct</referrerType>
		<referrerTypeName>Direct Entry</referrerTypeName>
		<referrerUrl />
		<region />
		<regionCode />
		<resolution>1024x768</resolution>
		<screenType>normal</screenType>
		<screenTypeIcon>plugins/UserSettings/images/screens/normal.gif</screenTypeIcon>
		<searches>0</searches>
		
		<siteCurrency>USD</siteCurrency>
		<siteCurrencySymbol>$</siteCurrencySymbol>
		<visitConverted>1</visitConverted>
		<visitConvertedIcon>plugins/Morpheus/images/goal.png</visitConvertedIcon>
		<visitCount>1</visitCount>
		<visitDuration>721</visitDuration>
		<visitDurationPretty>12 min 1s</visitDurationPretty>
		<visitEcommerceStatus>none</visitEcommerceStatus>
		<visitEcommerceStatusIcon />
		<visitIp>156.5.3.2</visitIp>
		<visitLocalHour>12</visitLocalHour>
		<visitLocalTime>12:34:06</visitLocalTime>
		
		
		<visitorType>new</visitorType>
		<visitorTypeIcon />
		
		
		
		
		
	</row>
</result>