<?xml version="1.0" encoding="utf-8" ?>
<result>
	<row>
		<actionDetails>
			<row>
				<type>goal</type>
				<goalName>all</goalName>
				<goalId>1</goalId>
				<revenue>5</revenue>
				<goalPageId>30</goalPageId>
				
				<url>http://piwik.net/space/quest/iv</url>
				<icon>plugins/Morpheus/images/goal.png</icon>
			</row>
			<row>
				<type>action</type>
				<url>http://piwik.net/space/quest/iv</url>
				<pageTitle>Space Quest XII</pageTitle>
				<pageIdAction>4</pageIdAction>
				
				<pageId>30</pageId>
				<timeSpent>360</timeSpent>
				<timeSpentPretty>6 min 0s</timeSpentPretty>
				<icon />
			</row>
			<row>
				<type>search</type>
				<url />
				<pageIdAction />
				
				<pageId>31</pageId>
				<customVariables>
					<row>
						<customVariablePageName4>Search Category</customVariablePageName4>
						<customVariablePageValue4>CAT</customVariablePageValue4>
					</row>
				</customVariables>
				<siteSearchKeyword>Bring on the party</siteSearchKeyword>
				<timeSpent>180</timeSpent>
				<timeSpentPretty>3 min 0s</timeSpentPretty>
				<icon>plugins/Morpheus/images/search_ico.png</icon>
			</row>
			<row>
				<type>goal</type>
				<goalName>two</goalName>
				<goalId>2</goalId>
				<revenue>5</revenue>
				<goalPageId />
				
				<url>http://piwik.net/space/quest/iv</url>
				<icon>plugins/Morpheus/images/goal.png</icon>
			</row>
			<row>
				<type>event</type>
				<url>http://piwik.net/space/quest/iv</url>
				<pageIdAction>4</pageIdAction>
				
				<pageId>32</pageId>
				<eventCategory>Cat8</eventCategory>
				<eventAction>Action8</eventAction>
				<eventName>Name8</eventName>
				<eventValue>353.678</eventValue>
				<icon>plugins/Morpheus/images/event.png</icon>
			</row>
		</actionDetails>
		<actions>3</actions>
		<browserCode>FF</browserCode>
		<browserFamily>gecko</browserFamily>
		<browserFamilyDescription>Gecko (Firefox)</browserFamilyDescription>
		<browserIcon>plugins/UserSettings/images/browsers/FF.gif</browserIcon>
		<browserName>Firefox 3.6</browserName>
		<browserVersion>3.6</browserVersion>
		<city />
		<continent>Unknown</continent>
		<continentCode>unk</continentCode>
		<country>Unknown</country>
		<countryCode>xx</countryCode>
		<countryFlag>plugins/UserCountry/images/flags/xx.png</countryFlag>
		<customVariables>
			<row>
				<customVariableName1>Cvar 1 name</customVariableName1>
				<customVariableValue1>Cvar1 value is 8</customVariableValue1>
			</row>
			<row>
				<customVariableName5>Cvar 5 name</customVariableName5>
				<customVariableValue5>Cvar5 value is 8</customVariableValue5>
			</row>
		</customVariables>
		<daysSinceFirstVisit>100</daysSinceFirstVisit>
		<daysSinceLastEcommerceOrder>50</daysSinceLastEcommerceOrder>
		<daysSinceLastVisit>10</daysSinceLastVisit>
		<deviceType>Desktop</deviceType>
		<events>1</events>
		
		<goalConversions>2</goalConversions>
		<idSite>1</idSite>
		<idVisit>18</idVisit>
		
		
		<latitude />
		<location>Unknown</location>
		<longitude />
		<operatingSystem>Windows XP</operatingSystem>
		<operatingSystemCode>WXP</operatingSystemCode>
		<operatingSystemIcon>plugins/UserSettings/images/os/WXP.gif</operatingSystemIcon>
		<operatingSystemShortName>Win XP</operatingSystemShortName>
		<plugins>flash, java</plugins>
		<pluginsIcons>
			<row>
				<pluginIcon>plugins/UserSettings/images/plugins/flash.gif</pluginIcon>
				<pluginName>flash</pluginName>
			</row>
			<row>
				<pluginIcon>plugins/UserSettings/images/plugins/java.gif</pluginIcon>
				<pluginName>java</pluginName>
			</row>
		</pluginsIcons>
		<provider>Unknown</provider>
		<providerName>Unknown</providerName>
		<providerUrl>http://piwik.org/faq/general/#faq_52</providerUrl>
		<referrerKeyword />
		<referrerKeywordPosition />
		<referrerName />
		<referrerSearchEngineIcon />
		<referrerSearchEngineUrl />
		<referrerType>direct</referrerType>
		<referrerTypeName>Direct Entry</referrerTypeName>
		<referrerUrl />
		<region />
		<regionCode />
		<resolution>1024x768</resolution>
		<screenType>normal</screenType>
		<screenTypeIcon>plugins/UserSettings/images/screens/normal.gif</screenTypeIcon>
		<searches>1</searches>
		
		<siteCurrency>USD</siteCurrency>
		<siteCurrencySymbol>$</siteCurrencySymbol>
		<visitConverted>1</visitConverted>
		<visitConvertedIcon>plugins/Morpheus/images/goal.png</visitConvertedIcon>
		<visitCount>5</visitCount>
		<visitDuration>1261</visitDuration>
		<visitDurationPretty>21 min 1s</visitDurationPretty>
		<visitEcommerceStatus>none</visitEcommerceStatus>
		<visitEcommerceStatusIcon />
		<visitIp>1.2.4.8</visitIp>
		<visitLocalHour>12</visitLocalHour>
		<visitLocalTime>12:34:06</visitLocalTime>
		
		
		<visitorType>returningCustomer</visitorType>
		<visitorTypeIcon>plugins/Live/images/returningVisitor.gif</visitorTypeIcon>
		
		
		
		
		
	</row>
	<row>
		<actionDetails>
			<row>
				<type>goal</type>
				<goalName>all</goalName>
				<goalId>1</goalId>
				<revenue>5</revenue>
				<goalPageId>29</goalPageId>
				
				<url>http://piwik.net/grue/lair</url>
				<icon>plugins/Morpheus/images/goal.png</icon>
			</row>
			<row>
				<type>action</type>
				<url>http://piwik.net/grue/lair</url>
				<pageTitle>It&amp;#039;s &lt;script&gt; pitch black...</pageTitle>
				<pageIdAction>2</pageIdAction>
				
				<pageId>29</pageId>
				<customVariables>
					<row>
						<customVariablePageName2>Cvar 2 PAGE name</customVariablePageName2>
						<customVariablePageValue2>Cvar2 PAGE value is 8</customVariablePageValue2>
					</row>
					<row>
						<customVariablePageName5>Cvar 5 PAGE name</customVariablePageName5>
						<customVariablePageValue5>Cvar5 PAGE value is 8</customVariablePageValue5>
					</row>
				</customVariables>
				<icon />
			</row>
		</actionDetails>
		<actions>1</actions>
		<browserCode>FF</browserCode>
		<browserFamily>gecko</browserFamily>
		<browserFamilyDescription>Gecko (Firefox)</browserFamilyDescription>
		<browserIcon>plugins/UserSettings/images/browsers/FF.gif</browserIcon>
		<browserName>Firefox 3.6</browserName>
		<browserVersion>3.6</browserVersion>
		<city />
		<continent>Unknown</continent>
		<continentCode>unk</continentCode>
		<country>Unknown</country>
		<countryCode>xx</countryCode>
		<countryFlag>plugins/UserCountry/images/flags/xx.png</countryFlag>
		<customVariables>
			<row>
				<customVariableName1>Cvar 1 name</customVariableName1>
				<customVariableValue1>Cvar1 value is 8</customVariableValue1>
			</row>
			<row>
				<customVariableName5>Cvar 5 name</customVariableName5>
				<customVariableValue5>Cvar5 value is 8</customVariableValue5>
			</row>
		</customVariables>
		<daysSinceFirstVisit>101</daysSinceFirstVisit>
		<daysSinceLastEcommerceOrder>51</daysSinceLastEcommerceOrder>
		<daysSinceLastVisit>11</daysSinceLastVisit>
		<deviceType>Desktop</deviceType>
		<events>0</events>
		
		<goalConversions>1</goalConversions>
		<idSite>1</idSite>
		<idVisit>17</idVisit>
		
		
		<latitude />
		<location>Unknown</location>
		<longitude />
		<operatingSystem>Windows XP</operatingSystem>
		<operatingSystemCode>WXP</operatingSystemCode>
		<operatingSystemIcon>plugins/UserSettings/images/os/WXP.gif</operatingSystemIcon>
		<operatingSystemShortName>Win XP</operatingSystemShortName>
		<plugins>flash, java</plugins>
		<pluginsIcons>
			<row>
				<pluginIcon>plugins/UserSettings/images/plugins/flash.gif</pluginIcon>
				<pluginName>flash</pluginName>
			</row>
			<row>
				<pluginIcon>plugins/UserSettings/images/plugins/java.gif</pluginIcon>
				<pluginName>java</pluginName>
			</row>
		</pluginsIcons>
		<provider>Unknown</provider>
		<providerName>Unknown</providerName>
		<providerUrl>http://piwik.org/faq/general/#faq_52</providerUrl>
		<referrerKeyword />
		<referrerKeywordPosition />
		<referrerName />
		<referrerSearchEngineIcon />
		<referrerSearchEngineUrl />
		<referrerType>direct</referrerType>
		<referrerTypeName>Direct Entry</referrerTypeName>
		<referrerUrl />
		<region />
		<regionCode />
		<resolution>1024x768</resolution>
		<screenType>normal</screenType>
		<screenTypeIcon>plugins/UserSettings/images/screens/normal.gif</screenTypeIcon>
		<searches>0</searches>
		
		<siteCurrency>USD</siteCurrency>
		<siteCurrencySymbol>$</siteCurrencySymbol>
		<visitConverted>1</visitConverted>
		<visitConvertedIcon>plugins/Morpheus/images/goal.png</visitConvertedIcon>
		<visitCount>5</visitCount>
		<visitDuration>0</visitDuration>
		<visitDurationPretty>0s</visitDurationPretty>
		<visitEcommerceStatus>none</visitEcommerceStatus>
		<visitEcommerceStatusIcon />
		<visitIp>1.2.4.8</visitIp>
		<visitLocalHour>12</visitLocalHour>
		<visitLocalTime>12:34:06</visitLocalTime>
		
		
		<visitorType>returningCustomer</visitorType>
		<visitorTypeIcon>plugins/Live/images/returningVisitor.gif</visitorTypeIcon>
		
		
		
		
		
	</row>
	<row>
		<actionDetails>
			<row>
				<type>goal</type>
				<goalName>all</goalName>
				<goalId>1</goalId>
				<revenue>5</revenue>
				<goalPageId>23</goalPageId>
				
				<url>http://piwik.net/space/quest/iv</url>
				<icon>plugins/Morpheus/images/goal.png</icon>
			</row>
			<row>
				<type>action</type>
				<url>http://piwik.net/space/quest/iv</url>
				<pageTitle>Space Quest XII</pageTitle>
				<pageIdAction>4</pageIdAction>
				
				<pageId>23</pageId>
				<timeSpent>360</timeSpent>
				<timeSpentPretty>6 min 0s</timeSpentPretty>
				<icon />
			</row>
			<row>
				<type>search</type>
				<url />
				<pageIdAction />
				
				<pageId>24</pageId>
				<customVariables>
					<row>
						<customVariablePageName4>Search Category</customVariablePageName4>
						<customVariablePageValue4>CAT</customVariablePageValue4>
					</row>
				</customVariables>
				<siteSearchKeyword>Bring on the party</siteSearchKeyword>
				<timeSpent>180</timeSpent>
				<timeSpentPretty>3 min 0s</timeSpentPretty>
				<icon>plugins/Morpheus/images/search_ico.png</icon>
			</row>
			<row>
				<type>goal</type>
				<goalName>two</goalName>
				<goalId>2</goalId>
				<revenue>5</revenue>
				<goalPageId />
				
				<url>http://piwik.net/space/quest/iv</url>
				<icon>plugins/Morpheus/images/goal.png</icon>
			</row>
			<row>
				<type>event</type>
				<url>http://piwik.net/space/quest/iv</url>
				<pageIdAction>4</pageIdAction>
				
				<pageId>25</pageId>
				<eventCategory>Cat6</eventCategory>
				<eventAction>Action6</eventAction>
				<eventName>Name6</eventName>
				<eventValue>351.678</eventValue>
				<icon>plugins/Morpheus/images/event.png</icon>
			</row>
		</actionDetails>
		<actions>3</actions>
		<browserCode>FF</browserCode>
		<browserFamily>gecko</browserFamily>
		<browserFamilyDescription>Gecko (Firefox)</browserFamilyDescription>
		<browserIcon>plugins/UserSettings/images/browsers/FF.gif</browserIcon>
		<browserName>Firefox 3.6</browserName>
		<browserVersion>3.6</browserVersion>
		<city>Hluboká nad Vltavou</city>
		<continent>Europe</continent>
		<continentCode>eur</continentCode>
		<country>Russian Federation</country>
		<countryCode>ru</countryCode>
		<countryFlag>plugins/UserCountry/images/flags/ru.png</countryFlag>
		<customVariables>
			<row>
				<customVariableName1>Cvar 1 name</customVariableName1>
				<customVariableValue1>Cvar1 value is 6</customVariableValue1>
			</row>
			<row>
				<customVariableName5>Cvar 5 name</customVariableName5>
				<customVariableValue5>Cvar5 value is 6</customVariableValue5>
			</row>
		</customVariables>
		<daysSinceFirstVisit>100</daysSinceFirstVisit>
		<daysSinceLastEcommerceOrder>50</daysSinceLastEcommerceOrder>
		<daysSinceLastVisit>10</daysSinceLastVisit>
		<deviceType>Desktop</deviceType>
		<events>1</events>
		
		<goalConversions>2</goalConversions>
		<idSite>1</idSite>
		<idVisit>14</idVisit>
		
		
		<latitude />
		<location>Hluboká nad Vltavou, Saint Petersburg City, Russian Federation</location>
		<longitude />
		<operatingSystem>Windows XP</operatingSystem>
		<operatingSystemCode>WXP</operatingSystemCode>
		<operatingSystemIcon>plugins/UserSettings/images/os/WXP.gif</operatingSystemIcon>
		<operatingSystemShortName>Win XP</operatingSystemShortName>
		<plugins>flash, java</plugins>
		<pluginsIcons>
			<row>
				<pluginIcon>plugins/UserSettings/images/plugins/flash.gif</pluginIcon>
				<pluginName>flash</pluginName>
			</row>
			<row>
				<pluginIcon>plugins/UserSettings/images/plugins/java.gif</pluginIcon>
				<pluginName>java</pluginName>
			</row>
		</pluginsIcons>
		<provider>Unknown</provider>
		<providerName>Unknown</providerName>
		<providerUrl>http://piwik.org/faq/general/#faq_52</providerUrl>
		<referrerKeyword />
		<referrerKeywordPosition />
		<referrerName />
		<referrerSearchEngineIcon />
		<referrerSearchEngineUrl />
		<referrerType>direct</referrerType>
		<referrerTypeName>Direct Entry</referrerTypeName>
		<referrerUrl />
		<region>Saint Petersburg City</region>
		<regionCode>66</regionCode>
		<resolution>1024x768</resolution>
		<screenType>normal</screenType>
		<screenTypeIcon>plugins/UserSettings/images/screens/normal.gif</screenTypeIcon>
		<searches>1</searches>
		
		<siteCurrency>USD</siteCurrency>
		<siteCurrencySymbol>$</siteCurrencySymbol>
		<visitConverted>1</visitConverted>
		<visitConvertedIcon>plugins/Morpheus/images/goal.png</visitConvertedIcon>
		<visitCount>5</visitCount>
		<visitDuration>1261</visitDuration>
		<visitDurationPretty>21 min 1s</visitDurationPretty>
		<visitEcommerceStatus>none</visitEcommerceStatus>
		<visitEcommerceStatusIcon />
		<visitIp>1.2.4.6</visitIp>
		<visitLocalHour>12</visitLocalHour>
		<visitLocalTime>12:34:06</visitLocalTime>
		
		
		<visitorType>returningCustomer</visitorType>
		<visitorTypeIcon>plugins/Live/images/returningVisitor.gif</visitorTypeIcon>
		
		
		
		
		
	</row>
	<row>
		<actionDetails>
			<row>
				<type>goal</type>
				<goalName>all</goalName>
				<goalId>1</goalId>
				<revenue>5</revenue>
				<goalPageId>27</goalPageId>
				
				<url>http://piwik.net/space/quest/iv</url>
				<icon>plugins/Morpheus/images/goal.png</icon>
			</row>
			<row>
				<type>action</type>
				<url>http://piwik.net/space/quest/iv</url>
				<pageTitle>Space Quest XII</pageTitle>
				<pageIdAction>4</pageIdAction>
				
				<pageId>27</pageId>
				<timeSpent>180</timeSpent>
				<timeSpentPretty>3 min 0s</timeSpentPretty>
				<icon />
			</row>
			<row>
				<type>goal</type>
				<goalName>two</goalName>
				<goalId>2</goalId>
				<revenue>5</revenue>
				<goalPageId />
				
				<url>http://piwik.net/space/quest/iv</url>
				<icon>plugins/Morpheus/images/goal.png</icon>
			</row>
			<row>
				<type>event</type>
				<url>http://piwik.net/space/quest/iv</url>
				<pageIdAction>4</pageIdAction>
				
				<pageId>28</pageId>
				<eventCategory>Cat7</eventCategory>
				<eventAction>Action7</eventAction>
				<eventName>Name7</eventName>
				<eventValue>352.678</eventValue>
				<icon>plugins/Morpheus/images/event.png</icon>
			</row>
		</actionDetails>
		<actions>2</actions>
		<browserCode>FF</browserCode>
		<browserFamily>gecko</browserFamily>
		<browserFamilyDescription>Gecko (Firefox)</browserFamilyDescription>
		<browserIcon>plugins/UserSettings/images/browsers/FF.gif</browserIcon>
		<browserName>Firefox 3.6</browserName>
		<browserVersion>3.6</browserVersion>
		<city>Stratford-upon-Avon</city>
		<continent>Europe</continent>
		<continentCode>eur</continentCode>
		<country>Macedonia, the Former Yugoslav Republic of</country>
		<countryCode>mk</countryCode>
		<countryFlag>plugins/UserCountry/images/flags/mk.png</countryFlag>
		<customVariables>
			<row>
				<customVariableName1>Cvar 1 name</customVariableName1>
				<customVariableValue1>Cvar1 value is 7</customVariableValue1>
			</row>
			<row>
				<customVariableName5>Cvar 5 name</customVariableName5>
				<customVariableValue5>Cvar5 value is 7</customVariableValue5>
			</row>
		</customVariables>
		<daysSinceFirstVisit>100</daysSinceFirstVisit>
		<daysSinceLastEcommerceOrder>50</daysSinceLastEcommerceOrder>
		<daysSinceLastVisit>10</daysSinceLastVisit>
		<deviceType>Desktop</deviceType>
		<events>1</events>
		
		<goalConversions>2</goalConversions>
		<idSite>1</idSite>
		<idVisit>16</idVisit>
		
		
		<latitude />
		<location>Stratford-upon-Avon, Miravci, Macedonia, the Former Yugoslav Republic of</location>
		<longitude />
		<operatingSystem>Windows XP</operatingSystem>
		<operatingSystemCode>WXP</operatingSystemCode>
		<operatingSystemIcon>plugins/UserSettings/images/os/WXP.gif</operatingSystemIcon>
		<operatingSystemShortName>Win XP</operatingSystemShortName>
		<plugins>flash, java</plugins>
		<pluginsIcons>
			<row>
				<pluginIcon>plugins/UserSettings/images/plugins/flash.gif</pluginIcon>
				<pluginName>flash</pluginName>
			</row>
			<row>
				<pluginIcon>plugins/UserSettings/images/plugins/java.gif</pluginIcon>
				<pluginName>java</pluginName>
			</row>
		</pluginsIcons>
		<provider>Unknown</provider>
		<providerName>Unknown</providerName>
		<providerUrl>http://piwik.org/faq/general/#faq_52</providerUrl>
		<referrerKeyword />
		<referrerKeywordPosition />
		<referrerName />
		<referrerSearchEngineIcon />
		<referrerSearchEngineUrl />
		<referrerType>direct</referrerType>
		<referrerTypeName>Direct Entry</referrerTypeName>
		<referrerUrl />
		<region>Miravci</region>
		<regionCode>66</regionCode>
		<resolution>1024x768</resolution>
		<screenType>normal</screenType>
		<screenTypeIcon>plugins/UserSettings/images/screens/normal.gif</screenTypeIcon>
		<searches>0</searches>
		
		<siteCurrency>USD</siteCurrency>
		<siteCurrencySymbol>$</siteCurrencySymbol>
		<visitConverted>1</visitConverted>
		<visitConvertedIcon>plugins/Morpheus/images/goal.png</visitConvertedIcon>
		<visitCount>5</visitCount>
		<visitDuration>1261</visitDuration>
		<visitDurationPretty>21 min 1s</visitDurationPretty>
		<visitEcommerceStatus>none</visitEcommerceStatus>
		<visitEcommerceStatusIcon />
		<visitIp>1.2.4.7</visitIp>
		<visitLocalHour>12</visitLocalHour>
		<visitLocalTime>12:34:06</visitLocalTime>
		
		
		<visitorType>returningCustomer</visitorType>
		<visitorTypeIcon>plugins/Live/images/returningVisitor.gif</visitorTypeIcon>
		
		
		
		
		
	</row>
	<row>
		<actionDetails>
			<row>
				<type>goal</type>
				<goalName>all</goalName>
				<goalId>1</goalId>
				<revenue>5</revenue>
				<goalPageId>26</goalPageId>
				
				<url>http://piwik.net/grue/lair</url>
				<icon>plugins/Morpheus/images/goal.png</icon>
			</row>
			<row>
				<type>action</type>
				<url>http://piwik.net/grue/lair</url>
				<pageTitle>It&amp;#039;s &lt;script&gt; pitch black...</pageTitle>
				<pageIdAction>2</pageIdAction>
				
				<pageId>26</pageId>
				<customVariables>
					<row>
						<customVariablePageName2>Cvar 2 PAGE name</customVariablePageName2>
						<customVariablePageValue2>Cvar2 PAGE value is 7</customVariablePageValue2>
					</row>
					<row>
						<customVariablePageName5>Cvar 5 PAGE name</customVariablePageName5>
						<customVariablePageValue5>Cvar5 PAGE value is 7</customVariablePageValue5>
					</row>
				</customVariables>
				<icon />
			</row>
		</actionDetails>
		<actions>1</actions>
		<browserCode>FF</browserCode>
		<browserFamily>gecko</browserFamily>
		<browserFamilyDescription>Gecko (Firefox)</browserFamilyDescription>
		<browserIcon>plugins/UserSettings/images/browsers/FF.gif</browserIcon>
		<browserName>Firefox 3.6</browserName>
		<browserVersion>3.6</browserVersion>
		<city>Stratford-upon-Avon</city>
		<continent>Europe</continent>
		<continentCode>eur</continentCode>
		<country>Macedonia, the Former Yugoslav Republic of</country>
		<countryCode>mk</countryCode>
		<countryFlag>plugins/UserCountry/images/flags/mk.png</countryFlag>
		<customVariables>
			<row>
				<customVariableName1>Cvar 1 name</customVariableName1>
				<customVariableValue1>Cvar1 value is 7</customVariableValue1>
			</row>
			<row>
				<customVariableName5>Cvar 5 name</customVariableName5>
				<customVariableValue5>Cvar5 value is 7</customVariableValue5>
			</row>
		</customVariables>
		<daysSinceFirstVisit>101</daysSinceFirstVisit>
		<daysSinceLastEcommerceOrder>51</daysSinceLastEcommerceOrder>
		<daysSinceLastVisit>11</daysSinceLastVisit>
		<deviceType>Desktop</deviceType>
		<events>0</events>
		
		<goalConversions>1</goalConversions>
		<idSite>1</idSite>
		<idVisit>15</idVisit>
		
		
		<latitude />
		<location>Stratford-upon-Avon, Miravci, Macedonia, the Former Yugoslav Republic of</location>
		<longitude />
		<operatingSystem>Windows XP</operatingSystem>
		<operatingSystemCode>WXP</operatingSystemCode>
		<operatingSystemIcon>plugins/UserSettings/images/os/WXP.gif</operatingSystemIcon>
		<operatingSystemShortName>Win XP</operatingSystemShortName>
		<plugins>flash, java</plugins>
		<pluginsIcons>
			<row>
				<pluginIcon>plugins/UserSettings/images/plugins/flash.gif</pluginIcon>
				<pluginName>flash</pluginName>
			</row>
			<row>
				<pluginIcon>plugins/UserSettings/images/plugins/java.gif</pluginIcon>
				<pluginName>java</pluginName>
			</row>
		</pluginsIcons>
		<provider>Unknown</provider>
		<providerName>Unknown</providerName>
		<providerUrl>http://piwik.org/faq/general/#faq_52</providerUrl>
		<referrerKeyword />
		<referrerKeywordPosition />
		<referrerName />
		<referrerSearchEngineIcon />
		<referrerSearchEngineUrl />
		<referrerType>direct</referrerType>
		<referrerTypeName>Direct Entry</referrerTypeName>
		<referrerUrl />
		<region>Miravci</region>
		<regionCode>66</regionCode>
		<resolution>1024x768</resolution>
		<screenType>normal</screenType>
		<screenTypeIcon>plugins/UserSettings/images/screens/normal.gif</screenTypeIcon>
		<searches>0</searches>
		
		<siteCurrency>USD</siteCurrency>
		<siteCurrencySymbol>$</siteCurrencySymbol>
		<visitConverted>1</visitConverted>
		<visitConvertedIcon>plugins/Morpheus/images/goal.png</visitConvertedIcon>
		<visitCount>5</visitCount>
		<visitDuration>0</visitDuration>
		<visitDurationPretty>0s</visitDurationPretty>
		<visitEcommerceStatus>none</visitEcommerceStatus>
		<visitEcommerceStatusIcon />
		<visitIp>1.2.4.7</visitIp>
		<visitLocalHour>12</visitLocalHour>
		<visitLocalTime>12:34:06</visitLocalTime>
		
		
		<visitorType>returningCustomer</visitorType>
		<visitorTypeIcon>plugins/Live/images/returningVisitor.gif</visitorTypeIcon>
		
		
		
		
		
	</row>
	<row>
		<actionDetails>
			<row>
				<type>goal</type>
				<goalName>all</goalName>
				<goalId>1</goalId>
				<revenue>5</revenue>
				<goalPageId>22</goalPageId>
				
				<url>http://piwik.net/grue/lair</url>
				<icon>plugins/Morpheus/images/goal.png</icon>
			</row>
			<row>
				<type>action</type>
				<url>http://piwik.net/grue/lair</url>
				<pageTitle>It&amp;#039;s &lt;script&gt; pitch black...</pageTitle>
				<pageIdAction>2</pageIdAction>
				
				<pageId>22</pageId>
				<customVariables>
					<row>
						<customVariablePageName2>Cvar 2 PAGE name</customVariablePageName2>
						<customVariablePageValue2>Cvar2 PAGE value is 6</customVariablePageValue2>
					</row>
					<row>
						<customVariablePageName5>Cvar 5 PAGE name</customVariablePageName5>
						<customVariablePageValue5>Cvar5 PAGE value is 6</customVariablePageValue5>
					</row>
				</customVariables>
				<icon />
			</row>
		</actionDetails>
		<actions>1</actions>
		<browserCode>FF</browserCode>
		<browserFamily>gecko</browserFamily>
		<browserFamilyDescription>Gecko (Firefox)</browserFamilyDescription>
		<browserIcon>plugins/UserSettings/images/browsers/FF.gif</browserIcon>
		<browserName>Firefox 3.6</browserName>
		<browserVersion>3.6</browserVersion>
		<city>Hluboká nad Vltavou</city>
		<continent>Europe</continent>
		<continentCode>eur</continentCode>
		<country>Russian Federation</country>
		<countryCode>ru</countryCode>
		<countryFlag>plugins/UserCountry/images/flags/ru.png</countryFlag>
		<customVariables>
			<row>
				<customVariableName1>Cvar 1 name</customVariableName1>
				<customVariableValue1>Cvar1 value is 6</customVariableValue1>
			</row>
			<row>
				<customVariableName5>Cvar 5 name</customVariableName5>
				<customVariableValue5>Cvar5 value is 6</customVariableValue5>
			</row>
		</customVariables>
		<daysSinceFirstVisit>101</daysSinceFirstVisit>
		<daysSinceLastEcommerceOrder>51</daysSinceLastEcommerceOrder>
		<daysSinceLastVisit>11</daysSinceLastVisit>
		<deviceType>Desktop</deviceType>
		<events>0</events>
		
		<goalConversions>1</goalConversions>
		<idSite>1</idSite>
		<idVisit>13</idVisit>
		
		
		<latitude />
		<location>Hluboká nad Vltavou, Saint Petersburg City, Russian Federation</location>
		<longitude />
		<operatingSystem>Windows XP</operatingSystem>
		<operatingSystemCode>WXP</operatingSystemCode>
		<operatingSystemIcon>plugins/UserSettings/images/os/WXP.gif</operatingSystemIcon>
		<operatingSystemShortName>Win XP</operatingSystemShortName>
		<plugins>flash, java</plugins>
		<pluginsIcons>
			<row>
				<pluginIcon>plugins/UserSettings/images/plugins/flash.gif</pluginIcon>
				<pluginName>flash</pluginName>
			</row>
			<row>
				<pluginIcon>plugins/UserSettings/images/plugins/java.gif</pluginIcon>
				<pluginName>java</pluginName>
			</row>
		</pluginsIcons>
		<provider>Unknown</provider>
		<providerName>Unknown</providerName>
		<providerUrl>http://piwik.org/faq/general/#faq_52</providerUrl>
		<referrerKeyword />
		<referrerKeywordPosition />
		<referrerName />
		<referrerSearchEngineIcon />
		<referrerSearchEngineUrl />
		<referrerType>direct</referrerType>
		<referrerTypeName>Direct Entry</referrerTypeName>
		<referrerUrl />
		<region>Saint Petersburg City</region>
		<regionCode>66</regionCode>
		<resolution>1024x768</resolution>
		<screenType>normal</screenType>
		<screenTypeIcon>plugins/UserSettings/images/screens/normal.gif</screenTypeIcon>
		<searches>0</searches>
		
		<siteCurrency>USD</siteCurrency>
		<siteCurrencySymbol>$</siteCurrencySymbol>
		<visitConverted>1</visitConverted>
		<visitConvertedIcon>plugins/Morpheus/images/goal.png</visitConvertedIcon>
		<visitCount>5</visitCount>
		<visitDuration>0</visitDuration>
		<visitDurationPretty>0s</visitDurationPretty>
		<visitEcommerceStatus>none</visitEcommerceStatus>
		<visitEcommerceStatusIcon />
		<visitIp>1.2.4.6</visitIp>
		<visitLocalHour>12</visitLocalHour>
		<visitLocalTime>12:34:06</visitLocalTime>
		
		
		<visitorType>returningCustomer</visitorType>
		<visitorTypeIcon>plugins/Live/images/returningVisitor.gif</visitorTypeIcon>
		
		
		
		
		
	</row>
	<row>
		<actionDetails>
			<row>
				<type>goal</type>
				<goalName>all</goalName>
				<goalId>1</goalId>
				<revenue>5</revenue>
				<goalPageId>61</goalPageId>
				
				<url>http://piwik.net/grue/lair</url>
				<icon>plugins/Morpheus/images/goal.png</icon>
			</row>
			<row>
				<type>action</type>
				<url>http://piwik.net/grue/lair</url>
				<pageTitle>It&amp;#039;s pitch black...</pageTitle>
				<pageIdAction>2</pageIdAction>
				
				<pageId>61</pageId>
				<icon />
			</row>
		</actionDetails>
		<actions>1</actions>
		<browserCode>FF</browserCode>
		<browserFamily>gecko</browserFamily>
		<browserFamilyDescription>Gecko (Firefox)</browserFamilyDescription>
		<browserIcon>plugins/UserSettings/images/browsers/FF.gif</browserIcon>
		<browserName>Firefox 3.6</browserName>
		<browserVersion>3.6</browserVersion>
		<city>not a city</city>
		<continent>North America</continent>
		<continentCode>amn</continentCode>
		<country>United States</country>
		<countryCode>us</countryCode>
		<countryFlag>plugins/UserCountry/images/flags/us.png</countryFlag>
		<customVariables>
		</customVariables>
		<daysSinceFirstVisit>0</daysSinceFirstVisit>
		<daysSinceLastEcommerceOrder>0</daysSinceLastEcommerceOrder>
		<daysSinceLastVisit>0</daysSinceLastVisit>
		<deviceType>Desktop</deviceType>
		<events>0</events>
		
		<goalConversions>1</goalConversions>
		<idSite>1</idSite>
		<idVisit>35</idVisit>
		
		
		<latitude>1</latitude>
		<location>not a city, California, United States</location>
		<longitude>2</longitude>
		<operatingSystem>Windows XP</operatingSystem>
		<operatingSystemCode>WXP</operatingSystemCode>
		<operatingSystemIcon>plugins/UserSettings/images/os/WXP.gif</operatingSystemIcon>
		<operatingSystemShortName>Win XP</operatingSystemShortName>
		<plugins>flash, java</plugins>
		<pluginsIcons>
			<row>
				<pluginIcon>plugins/UserSettings/images/plugins/flash.gif</pluginIcon>
				<pluginName>flash</pluginName>
			</row>
			<row>
				<pluginIcon>plugins/UserSettings/images/plugins/java.gif</pluginIcon>
				<pluginName>java</pluginName>
			</row>
		</pluginsIcons>
		<provider>Unknown</provider>
		<providerName>Unknown</providerName>
		<providerUrl>http://piwik.org/faq/general/#faq_52</providerUrl>
		<referrerKeyword>wikileaks ftw</referrerKeyword>
		<referrerKeywordPosition />
		<referrerName>Google</referrerName>
		<referrerSearchEngineIcon>plugins/Referrers/images/searchEngines/google.com.png</referrerSearchEngineIcon>
		<referrerSearchEngineUrl>http://google.com</referrerSearchEngineUrl>
		<referrerType>search</referrerType>
		<referrerTypeName>Search Engines</referrerTypeName>
		<referrerUrl>http://google.com/?q=Wikileaks FTW</referrerUrl>
		<region>California</region>
		<regionCode>CA</regionCode>
		<resolution>1024x768</resolution>
		<screenType>normal</screenType>
		<screenTypeIcon>plugins/UserSettings/images/screens/normal.gif</screenTypeIcon>
		<searches>0</searches>
		
		<siteCurrency>USD</siteCurrency>
		<siteCurrencySymbol>$</siteCurrencySymbol>
		<visitConverted>1</visitConverted>
		<visitConvertedIcon>plugins/Morpheus/images/goal.png</visitConvertedIcon>
		<visitCount>1</visitCount>
		<visitDuration>0</visitDuration>
		<visitDurationPretty>0s</visitDurationPretty>
		<visitEcommerceStatus>none</visitEcommerceStatus>
		<visitEcommerceStatusIcon />
		<visitIp>194.57.91.215</visitIp>
		<visitLocalHour>12</visitLocalHour>
		<visitLocalTime>12:34:06</visitLocalTime>
		
		
		<visitorType>new</visitorType>
		<visitorTypeIcon />
		
		
		
		
		
	</row>
</result>