<?xml version="1.0" encoding="utf-8" ?>
<result>
	<row>
		<actionDetails>
			<row>
				<type>goal</type>
				<goalName>all</goalName>
				<goalId>1</goalId>
				<revenue>5</revenue>
				<goalPageId>1</goalPageId>
				
				<url>http://piwik.net/grue/lair</url>
				<icon>plugins/Morpheus/images/goal.png</icon>
			</row>
			<row>
				<type>action</type>
				<url>http://piwik.net/grue/lair</url>
				<pageTitle>It&amp;#039;s &lt;script&gt; pitch black...</pageTitle>
				<pageIdAction>2</pageIdAction>
				
				<pageId>1</pageId>
				<customVariables>
					<row>
						<customVariablePageName2>Cvar 2 PAGE name</customVariablePageName2>
						<customVariablePageValue2>Cvar2 PAGE value is 0</customVariablePageValue2>
					</row>
					<row>
						<customVariablePageName5>Cvar 5 PAGE name</customVariablePageName5>
						<customVariablePageValue5>Cvar5 PAGE value is 0</customVariablePageValue5>
					</row>
				</customVariables>
				<icon />
			</row>
		</actionDetails>
		<actions>1</actions>
		<browserCode>FF</browserCode>
		<browserFamily>gecko</browserFamily>
		<browserFamilyDescription>Gecko (Firefox)</browserFamilyDescription>
		<browserIcon>plugins/UserSettings/images/browsers/FF.gif</browserIcon>
		<browserName>Firefox 3.6</browserName>
		<browserVersion>3.6</browserVersion>
		<city>Stratford-upon-Avon</city>
		<continent>Europe</continent>
		<continentCode>eur</continentCode>
		<country>United Kingdom</country>
		<countryCode>gb</countryCode>
		<countryFlag>plugins/UserCountry/images/flags/gb.png</countryFlag>
		<customVariables>
			<row>
				<customVariableName1>Cvar 1 name</customVariableName1>
				<customVariableValue1>Cvar1 value is 0</customVariableValue1>
			</row>
			<row>
				<customVariableName5>Cvar 5 name</customVariableName5>
				<customVariableValue5>Cvar5 value is 0</customVariableValue5>
			</row>
		</customVariables>
		<daysSinceFirstVisit>0</daysSinceFirstVisit>
		<daysSinceLastEcommerceOrder>0</daysSinceLastEcommerceOrder>
		<daysSinceLastVisit>0</daysSinceLastVisit>
		<deviceType>Desktop</deviceType>
		<events>0</events>
		
		<goalConversions>1</goalConversions>
		<idSite>1</idSite>
		<idVisit>1</idVisit>
		
		
		<latitude>123.456001</latitude>
		<location>Stratford-upon-Avon, Warwickshire, United Kingdom</location>
		<longitude>21.320999</longitude>
		<operatingSystem>Windows XP</operatingSystem>
		<operatingSystemCode>WXP</operatingSystemCode>
		<operatingSystemIcon>plugins/UserSettings/images/os/WXP.gif</operatingSystemIcon>
		<operatingSystemShortName>Win XP</operatingSystemShortName>
		<plugins>flash, java</plugins>
		<pluginsIcons>
			<row>
				<pluginIcon>plugins/UserSettings/images/plugins/flash.gif</pluginIcon>
				<pluginName>flash</pluginName>
			</row>
			<row>
				<pluginIcon>plugins/UserSettings/images/plugins/java.gif</pluginIcon>
				<pluginName>java</pluginName>
			</row>
		</pluginsIcons>
		<provider>Unknown</provider>
		<providerName>Unknown</providerName>
		<providerUrl>http://piwik.org/faq/general/#faq_52</providerUrl>
		<referrerKeyword />
		<referrerKeywordPosition />
		<referrerName />
		<referrerSearchEngineIcon />
		<referrerSearchEngineUrl />
		<referrerType>direct</referrerType>
		<referrerTypeName>Direct Entry</referrerTypeName>
		<referrerUrl />
		<region>Warwickshire</region>
		<regionCode>P3</regionCode>
		<resolution>1024x768</resolution>
		<screenType>normal</screenType>
		<screenTypeIcon>plugins/UserSettings/images/screens/normal.gif</screenTypeIcon>
		<searches>0</searches>
		
		<siteCurrency>USD</siteCurrency>
		<siteCurrencySymbol>$</siteCurrencySymbol>
		<visitConverted>1</visitConverted>
		<visitConvertedIcon>plugins/Morpheus/images/goal.png</visitConvertedIcon>
		<visitCount>1</visitCount>
		<visitDuration>0</visitDuration>
		<visitDurationPretty>0s</visitDurationPretty>
		<visitEcommerceStatus>none</visitEcommerceStatus>
		<visitEcommerceStatusIcon />
		<visitIp>1.2.4.0</visitIp>
		<visitLocalHour>12</visitLocalHour>
		<visitLocalTime>12:34:06</visitLocalTime>
		
		
		<visitorType>new</visitorType>
		<visitorTypeIcon />
		
		
		
		
		
	</row>
	<row>
		<actionDetails>
			<row>
				<type>goal</type>
				<goalName>all</goalName>
				<goalId>1</goalId>
				<revenue>5</revenue>
				<goalPageId>2</goalPageId>
				
				<url>http://piwik.net/space/quest/iv</url>
				<icon>plugins/Morpheus/images/goal.png</icon>
			</row>
			<row>
				<type>action</type>
				<url>http://piwik.net/space/quest/iv</url>
				<pageTitle>Space Quest XII</pageTitle>
				<pageIdAction>4</pageIdAction>
				
				<pageId>2</pageId>
				<timeSpent>360</timeSpent>
				<timeSpentPretty>6 min 0s</timeSpentPretty>
				<icon />
			</row>
			<row>
				<type>search</type>
				<url />
				<pageIdAction />
				
				<pageId>3</pageId>
				<customVariables>
					<row>
						<customVariablePageName4>Search Category</customVariablePageName4>
						<customVariablePageValue4>CAT</customVariablePageValue4>
					</row>
				</customVariables>
				<siteSearchKeyword>Bring on the party</siteSearchKeyword>
				<timeSpent>180</timeSpent>
				<timeSpentPretty>3 min 0s</timeSpentPretty>
				<icon>plugins/Morpheus/images/search_ico.png</icon>
			</row>
			<row>
				<type>goal</type>
				<goalName>two</goalName>
				<goalId>2</goalId>
				<revenue>5</revenue>
				<goalPageId />
				
				<url>http://piwik.net/space/quest/iv</url>
				<icon>plugins/Morpheus/images/goal.png</icon>
			</row>
			<row>
				<type>event</type>
				<url>http://piwik.net/space/quest/iv</url>
				<pageIdAction>4</pageIdAction>
				
				<pageId>4</pageId>
				<eventCategory>Cat0</eventCategory>
				<eventAction>Action0</eventAction>
				<eventName>Name0</eventName>
				<eventValue>345.678</eventValue>
				<icon>plugins/Morpheus/images/event.png</icon>
			</row>
		</actionDetails>
		<actions>3</actions>
		<browserCode>FF</browserCode>
		<browserFamily>gecko</browserFamily>
		<browserFamilyDescription>Gecko (Firefox)</browserFamilyDescription>
		<browserIcon>plugins/UserSettings/images/browsers/FF.gif</browserIcon>
		<browserName>Firefox 3.6</browserName>
		<browserVersion>3.6</browserVersion>
		<city>Stratford-upon-Avon</city>
		<continent>Europe</continent>
		<continentCode>eur</continentCode>
		<country>United Kingdom</country>
		<countryCode>gb</countryCode>
		<countryFlag>plugins/UserCountry/images/flags/gb.png</countryFlag>
		<customVariables>
			<row>
				<customVariableName1>Cvar 1 name</customVariableName1>
				<customVariableValue1>Cvar1 value is 0</customVariableValue1>
			</row>
			<row>
				<customVariableName5>Cvar 5 name</customVariableName5>
				<customVariableValue5>Cvar5 value is 0</customVariableValue5>
			</row>
		</customVariables>
		<daysSinceFirstVisit>100</daysSinceFirstVisit>
		<daysSinceLastEcommerceOrder>50</daysSinceLastEcommerceOrder>
		<daysSinceLastVisit>10</daysSinceLastVisit>
		<deviceType>Desktop</deviceType>
		<events>1</events>
		
		<goalConversions>2</goalConversions>
		<idSite>1</idSite>
		<idVisit>2</idVisit>
		
		
		<latitude>123.456001</latitude>
		<location>Stratford-upon-Avon, Warwickshire, United Kingdom</location>
		<longitude>21.320999</longitude>
		<operatingSystem>Windows XP</operatingSystem>
		<operatingSystemCode>WXP</operatingSystemCode>
		<operatingSystemIcon>plugins/UserSettings/images/os/WXP.gif</operatingSystemIcon>
		<operatingSystemShortName>Win XP</operatingSystemShortName>
		<plugins>flash, java</plugins>
		<pluginsIcons>
			<row>
				<pluginIcon>plugins/UserSettings/images/plugins/flash.gif</pluginIcon>
				<pluginName>flash</pluginName>
			</row>
			<row>
				<pluginIcon>plugins/UserSettings/images/plugins/java.gif</pluginIcon>
				<pluginName>java</pluginName>
			</row>
		</pluginsIcons>
		<provider>Unknown</provider>
		<providerName>Unknown</providerName>
		<providerUrl>http://piwik.org/faq/general/#faq_52</providerUrl>
		<referrerKeyword />
		<referrerKeywordPosition />
		<referrerName />
		<referrerSearchEngineIcon />
		<referrerSearchEngineUrl />
		<referrerType>direct</referrerType>
		<referrerTypeName>Direct Entry</referrerTypeName>
		<referrerUrl />
		<region>Warwickshire</region>
		<regionCode>P3</regionCode>
		<resolution>1024x768</resolution>
		<screenType>normal</screenType>
		<screenTypeIcon>plugins/UserSettings/images/screens/normal.gif</screenTypeIcon>
		<searches>1</searches>
		
		<siteCurrency>USD</siteCurrency>
		<siteCurrencySymbol>$</siteCurrencySymbol>
		<visitConverted>1</visitConverted>
		<visitConvertedIcon>plugins/Morpheus/images/goal.png</visitConvertedIcon>
		<visitCount>5</visitCount>
		<visitDuration>1261</visitDuration>
		<visitDurationPretty>21 min 1s</visitDurationPretty>
		<visitEcommerceStatus>none</visitEcommerceStatus>
		<visitEcommerceStatusIcon />
		<visitIp>1.2.4.0</visitIp>
		<visitLocalHour>12</visitLocalHour>
		<visitLocalTime>12:34:06</visitLocalTime>
		
		
		<visitorType>returningCustomer</visitorType>
		<visitorTypeIcon>plugins/Live/images/returningVisitor.gif</visitorTypeIcon>
		
		
		
		
		
	</row>
	<row>
		<actionDetails>
			<row>
				<type>goal</type>
				<goalName>all</goalName>
				<goalId>1</goalId>
				<revenue>5</revenue>
				<goalPageId>33</goalPageId>
				
				<url>http://piwik.net/grue/lair</url>
				<icon>plugins/Morpheus/images/goal.png</icon>
			</row>
			<row>
				<type>action</type>
				<url>http://piwik.net/grue/lair</url>
				<pageTitle>It&amp;#039;s &lt;script&gt; pitch black...</pageTitle>
				<pageIdAction>2</pageIdAction>
				
				<pageId>33</pageId>
				<customVariables>
					<row>
						<customVariablePageName2>Cvar 2 PAGE name</customVariablePageName2>
						<customVariablePageValue2>Cvar2 PAGE value is 0</customVariablePageValue2>
					</row>
					<row>
						<customVariablePageName5>Cvar 5 PAGE name</customVariablePageName5>
						<customVariablePageValue5>Cvar5 PAGE value is 0</customVariablePageValue5>
					</row>
				</customVariables>
				<icon />
			</row>
		</actionDetails>
		<actions>1</actions>
		<browserCode>FF</browserCode>
		<browserFamily>gecko</browserFamily>
		<browserFamilyDescription>Gecko (Firefox)</browserFamilyDescription>
		<browserIcon>plugins/UserSettings/images/browsers/FF.gif</browserIcon>
		<browserName>Firefox 3.6</browserName>
		<browserVersion>3.6</browserVersion>
		<city>Besançon</city>
		<continent>Europe</continent>
		<continentCode>eur</continentCode>
		<country>France</country>
		<countryCode>fr</countryCode>
		<countryFlag>plugins/UserCountry/images/flags/fr.png</countryFlag>
		<customVariables>
			<row>
				<customVariableName1>Cvar 1 name</customVariableName1>
				<customVariableValue1>Cvar1 value is 0</customVariableValue1>
			</row>
			<row>
				<customVariableName5>Cvar 5 name</customVariableName5>
				<customVariableValue5>Cvar5 value is 0</customVariableValue5>
			</row>
		</customVariables>
		<daysSinceFirstVisit>0</daysSinceFirstVisit>
		<daysSinceLastEcommerceOrder>0</daysSinceLastEcommerceOrder>
		<daysSinceLastVisit>0</daysSinceLastVisit>
		<deviceType>Desktop</deviceType>
		<events>0</events>
		
		<goalConversions>1</goalConversions>
		<idSite>1</idSite>
		<idVisit>19</idVisit>
		
		
		<latitude>47.249001</latitude>
		<location>Besançon, Franche-Comte, France</location>
		<longitude>6.018000</longitude>
		<operatingSystem>Windows XP</operatingSystem>
		<operatingSystemCode>WXP</operatingSystemCode>
		<operatingSystemIcon>plugins/UserSettings/images/os/WXP.gif</operatingSystemIcon>
		<operatingSystemShortName>Win XP</operatingSystemShortName>
		<plugins>flash, java</plugins>
		<pluginsIcons>
			<row>
				<pluginIcon>plugins/UserSettings/images/plugins/flash.gif</pluginIcon>
				<pluginName>flash</pluginName>
			</row>
			<row>
				<pluginIcon>plugins/UserSettings/images/plugins/java.gif</pluginIcon>
				<pluginName>java</pluginName>
			</row>
		</pluginsIcons>
		<provider>Unknown</provider>
		<providerName>Unknown</providerName>
		<providerUrl>http://piwik.org/faq/general/#faq_52</providerUrl>
		<referrerKeyword />
		<referrerKeywordPosition />
		<referrerName />
		<referrerSearchEngineIcon />
		<referrerSearchEngineUrl />
		<referrerType>direct</referrerType>
		<referrerTypeName>Direct Entry</referrerTypeName>
		<referrerUrl />
		<region>Franche-Comte</region>
		<regionCode>A6</regionCode>
		<resolution>1024x768</resolution>
		<screenType>normal</screenType>
		<screenTypeIcon>plugins/UserSettings/images/screens/normal.gif</screenTypeIcon>
		<searches>0</searches>
		
		<siteCurrency>USD</siteCurrency>
		<siteCurrencySymbol>$</siteCurrencySymbol>
		<visitConverted>1</visitConverted>
		<visitConvertedIcon>plugins/Morpheus/images/goal.png</visitConvertedIcon>
		<visitCount>1</visitCount>
		<visitDuration>0</visitDuration>
		<visitDurationPretty>0s</visitDurationPretty>
		<visitEcommerceStatus>none</visitEcommerceStatus>
		<visitEcommerceStatusIcon />
		<visitIp>194.57.91.215</visitIp>
		<visitLocalHour>12</visitLocalHour>
		<visitLocalTime>12:34:06</visitLocalTime>
		
		
		<visitorType>new</visitorType>
		<visitorTypeIcon />
		
		
		
		
		
	</row>
	<row>
		<actionDetails>
			<row>
				<type>goal</type>
				<goalName>all</goalName>
				<goalId>1</goalId>
				<revenue>5</revenue>
				<goalPageId>34</goalPageId>
				
				<url>http://piwik.net/space/quest/iv</url>
				<icon>plugins/Morpheus/images/goal.png</icon>
			</row>
			<row>
				<type>action</type>
				<url>http://piwik.net/space/quest/iv</url>
				<pageTitle>Space Quest XII</pageTitle>
				<pageIdAction>4</pageIdAction>
				
				<pageId>34</pageId>
				<timeSpent>360</timeSpent>
				<timeSpentPretty>6 min 0s</timeSpentPretty>
				<icon />
			</row>
			<row>
				<type>search</type>
				<url />
				<pageIdAction />
				
				<pageId>35</pageId>
				<customVariables>
					<row>
						<customVariablePageName4>Search Category</customVariablePageName4>
						<customVariablePageValue4>CAT</customVariablePageValue4>
					</row>
				</customVariables>
				<siteSearchKeyword>Bring on the party</siteSearchKeyword>
				<timeSpent>180</timeSpent>
				<timeSpentPretty>3 min 0s</timeSpentPretty>
				<icon>plugins/Morpheus/images/search_ico.png</icon>
			</row>
			<row>
				<type>goal</type>
				<goalName>two</goalName>
				<goalId>2</goalId>
				<revenue>5</revenue>
				<goalPageId />
				
				<url>http://piwik.net/space/quest/iv</url>
				<icon>plugins/Morpheus/images/goal.png</icon>
			</row>
			<row>
				<type>event</type>
				<url>http://piwik.net/space/quest/iv</url>
				<pageIdAction>4</pageIdAction>
				
				<pageId>36</pageId>
				<eventCategory>Cat0</eventCategory>
				<eventAction>Action0</eventAction>
				<eventName>Name0</eventName>
				<eventValue>345.678</eventValue>
				<icon>plugins/Morpheus/images/event.png</icon>
			</row>
		</actionDetails>
		<actions>3</actions>
		<browserCode>FF</browserCode>
		<browserFamily>gecko</browserFamily>
		<browserFamilyDescription>Gecko (Firefox)</browserFamilyDescription>
		<browserIcon>plugins/UserSettings/images/browsers/FF.gif</browserIcon>
		<browserName>Firefox 3.6</browserName>
		<browserVersion>3.6</browserVersion>
		<city>Besançon</city>
		<continent>Europe</continent>
		<continentCode>eur</continentCode>
		<country>France</country>
		<countryCode>fr</countryCode>
		<countryFlag>plugins/UserCountry/images/flags/fr.png</countryFlag>
		<customVariables>
			<row>
				<customVariableName1>Cvar 1 name</customVariableName1>
				<customVariableValue1>Cvar1 value is 0</customVariableValue1>
			</row>
			<row>
				<customVariableName5>Cvar 5 name</customVariableName5>
				<customVariableValue5>Cvar5 value is 0</customVariableValue5>
			</row>
		</customVariables>
		<daysSinceFirstVisit>100</daysSinceFirstVisit>
		<daysSinceLastEcommerceOrder>50</daysSinceLastEcommerceOrder>
		<daysSinceLastVisit>10</daysSinceLastVisit>
		<deviceType>Desktop</deviceType>
		<events>1</events>
		
		<goalConversions>2</goalConversions>
		<idSite>1</idSite>
		<idVisit>20</idVisit>
		
		
		<latitude>47.249001</latitude>
		<location>Besançon, Franche-Comte, France</location>
		<longitude>6.018000</longitude>
		<operatingSystem>Windows XP</operatingSystem>
		<operatingSystemCode>WXP</operatingSystemCode>
		<operatingSystemIcon>plugins/UserSettings/images/os/WXP.gif</operatingSystemIcon>
		<operatingSystemShortName>Win XP</operatingSystemShortName>
		<plugins>flash, java</plugins>
		<pluginsIcons>
			<row>
				<pluginIcon>plugins/UserSettings/images/plugins/flash.gif</pluginIcon>
				<pluginName>flash</pluginName>
			</row>
			<row>
				<pluginIcon>plugins/UserSettings/images/plugins/java.gif</pluginIcon>
				<pluginName>java</pluginName>
			</row>
		</pluginsIcons>
		<provider>Unknown</provider>
		<providerName>Unknown</providerName>
		<providerUrl>http://piwik.org/faq/general/#faq_52</providerUrl>
		<referrerKeyword />
		<referrerKeywordPosition />
		<referrerName />
		<referrerSearchEngineIcon />
		<referrerSearchEngineUrl />
		<referrerType>direct</referrerType>
		<referrerTypeName>Direct Entry</referrerTypeName>
		<referrerUrl />
		<region>Franche-Comte</region>
		<regionCode>A6</regionCode>
		<resolution>1024x768</resolution>
		<screenType>normal</screenType>
		<screenTypeIcon>plugins/UserSettings/images/screens/normal.gif</screenTypeIcon>
		<searches>1</searches>
		
		<siteCurrency>USD</siteCurrency>
		<siteCurrencySymbol>$</siteCurrencySymbol>
		<visitConverted>1</visitConverted>
		<visitConvertedIcon>plugins/Morpheus/images/goal.png</visitConvertedIcon>
		<visitCount>5</visitCount>
		<visitDuration>1261</visitDuration>
		<visitDurationPretty>21 min 1s</visitDurationPretty>
		<visitEcommerceStatus>none</visitEcommerceStatus>
		<visitEcommerceStatusIcon />
		<visitIp>194.57.91.215</visitIp>
		<visitLocalHour>12</visitLocalHour>
		<visitLocalTime>12:34:06</visitLocalTime>
		
		
		<visitorType>returningCustomer</visitorType>
		<visitorTypeIcon>plugins/Live/images/returningVisitor.gif</visitorTypeIcon>
		
		
		
		
		
	</row>
	<row>
		<actionDetails>
			<row>
				<type>goal</type>
				<goalName>all</goalName>
				<goalId>1</goalId>
				<revenue>5</revenue>
				<goalPageId>40</goalPageId>
				
				<url>http://piwik.net/grue/lair</url>
				<icon>plugins/Morpheus/images/goal.png</icon>
			</row>
			<row>
				<type>action</type>
				<url>http://piwik.net/grue/lair</url>
				<pageTitle>It&amp;#039;s &lt;script&gt; pitch black...</pageTitle>
				<pageIdAction>2</pageIdAction>
				
				<pageId>40</pageId>
				<customVariables>
					<row>
						<customVariablePageName2>Cvar 2 PAGE name</customVariablePageName2>
						<customVariablePageValue2>Cvar2 PAGE value is 0</customVariablePageValue2>
					</row>
					<row>
						<customVariablePageName5>Cvar 5 PAGE name</customVariablePageName5>
						<customVariablePageValue5>Cvar5 PAGE value is 0</customVariablePageValue5>
					</row>
				</customVariables>
				<icon />
			</row>
		</actionDetails>
		<actions>1</actions>
		<browserCode>FF</browserCode>
		<browserFamily>gecko</browserFamily>
		<browserFamilyDescription>Gecko (Firefox)</browserFamilyDescription>
		<browserIcon>plugins/UserSettings/images/browsers/FF.gif</browserIcon>
		<browserName>Firefox 3.6</browserName>
		<browserVersion>3.6</browserVersion>
		<city>Vancouver</city>
		<continent>North America</continent>
		<continentCode>amn</continentCode>
		<country>Canada</country>
		<countryCode>ca</countryCode>
		<countryFlag>plugins/UserCountry/images/flags/ca.png</countryFlag>
		<customVariables>
			<row>
				<customVariableName1>Cvar 1 name</customVariableName1>
				<customVariableValue1>Cvar1 value is 0</customVariableValue1>
			</row>
			<row>
				<customVariableName5>Cvar 5 name</customVariableName5>
				<customVariableValue5>Cvar5 value is 0</customVariableValue5>
			</row>
		</customVariables>
		<daysSinceFirstVisit>0</daysSinceFirstVisit>
		<daysSinceLastEcommerceOrder>0</daysSinceLastEcommerceOrder>
		<daysSinceLastVisit>0</daysSinceLastVisit>
		<deviceType>Desktop</deviceType>
		<events>0</events>
		
		<goalConversions>1</goalConversions>
		<idSite>1</idSite>
		<idVisit>23</idVisit>
		
		
		<latitude>49.250000</latitude>
		<location>Vancouver, British Columbia, Canada</location>
		<longitude>-123.133003</longitude>
		<operatingSystem>Windows XP</operatingSystem>
		<operatingSystemCode>WXP</operatingSystemCode>
		<operatingSystemIcon>plugins/UserSettings/images/os/WXP.gif</operatingSystemIcon>
		<operatingSystemShortName>Win XP</operatingSystemShortName>
		<plugins>flash, java</plugins>
		<pluginsIcons>
			<row>
				<pluginIcon>plugins/UserSettings/images/plugins/flash.gif</pluginIcon>
				<pluginName>flash</pluginName>
			</row>
			<row>
				<pluginIcon>plugins/UserSettings/images/plugins/java.gif</pluginIcon>
				<pluginName>java</pluginName>
			</row>
		</pluginsIcons>
		<provider>Unknown</provider>
		<providerName>Unknown</providerName>
		<providerUrl>http://piwik.org/faq/general/#faq_52</providerUrl>
		<referrerKeyword />
		<referrerKeywordPosition />
		<referrerName />
		<referrerSearchEngineIcon />
		<referrerSearchEngineUrl />
		<referrerType>direct</referrerType>
		<referrerTypeName>Direct Entry</referrerTypeName>
		<referrerUrl />
		<region>British Columbia</region>
		<regionCode>BC</regionCode>
		<resolution>1024x768</resolution>
		<screenType>normal</screenType>
		<screenTypeIcon>plugins/UserSettings/images/screens/normal.gif</screenTypeIcon>
		<searches>0</searches>
		
		<siteCurrency>USD</siteCurrency>
		<siteCurrencySymbol>$</siteCurrencySymbol>
		<visitConverted>1</visitConverted>
		<visitConvertedIcon>plugins/Morpheus/images/goal.png</visitConvertedIcon>
		<visitCount>1</visitCount>
		<visitDuration>0</visitDuration>
		<visitDurationPretty>0s</visitDurationPretty>
		<visitEcommerceStatus>none</visitEcommerceStatus>
		<visitEcommerceStatusIcon />
		<visitIp>137.82.130.0</visitIp>
		<visitLocalHour>12</visitLocalHour>
		<visitLocalTime>12:34:06</visitLocalTime>
		
		
		<visitorType>new</visitorType>
		<visitorTypeIcon />
		
		
		
		
		
	</row>
	<row>
		<actionDetails>
			<row>
				<type>goal</type>
				<goalName>all</goalName>
				<goalId>1</goalId>
				<revenue>5</revenue>
				<goalPageId>41</goalPageId>
				
				<url>http://piwik.net/space/quest/iv</url>
				<icon>plugins/Morpheus/images/goal.png</icon>
			</row>
			<row>
				<type>action</type>
				<url>http://piwik.net/space/quest/iv</url>
				<pageTitle>Space Quest XII</pageTitle>
				<pageIdAction>4</pageIdAction>
				
				<pageId>41</pageId>
				<timeSpent>360</timeSpent>
				<timeSpentPretty>6 min 0s</timeSpentPretty>
				<icon />
			</row>
			<row>
				<type>search</type>
				<url />
				<pageIdAction />
				
				<pageId>42</pageId>
				<customVariables>
					<row>
						<customVariablePageName4>Search Category</customVariablePageName4>
						<customVariablePageValue4>CAT</customVariablePageValue4>
					</row>
				</customVariables>
				<siteSearchKeyword>Bring on the party</siteSearchKeyword>
				<timeSpent>180</timeSpent>
				<timeSpentPretty>3 min 0s</timeSpentPretty>
				<icon>plugins/Morpheus/images/search_ico.png</icon>
			</row>
			<row>
				<type>goal</type>
				<goalName>two</goalName>
				<goalId>2</goalId>
				<revenue>5</revenue>
				<goalPageId />
				
				<url>http://piwik.net/space/quest/iv</url>
				<icon>plugins/Morpheus/images/goal.png</icon>
			</row>
			<row>
				<type>event</type>
				<url>http://piwik.net/space/quest/iv</url>
				<pageIdAction>4</pageIdAction>
				
				<pageId>43</pageId>
				<eventCategory>Cat0</eventCategory>
				<eventAction>Action0</eventAction>
				<eventName>Name0</eventName>
				<eventValue>345.678</eventValue>
				<icon>plugins/Morpheus/images/event.png</icon>
			</row>
		</actionDetails>
		<actions>3</actions>
		<browserCode>UNK</browserCode>
		<browserFamily>unknown</browserFamily>
		<browserFamilyDescription>Unknown</browserFamilyDescription>
		<browserIcon>plugins/UserSettings/images/browsers/UNK.gif</browserIcon>
		<browserName>Unknown</browserName>
		<browserVersion />
		<city>Vancouver</city>
		<continent>North America</continent>
		<continentCode>amn</continentCode>
		<country>Canada</country>
		<countryCode>ca</countryCode>
		<countryFlag>plugins/UserCountry/images/flags/ca.png</countryFlag>
		<customVariables>
		</customVariables>
		<daysSinceFirstVisit>100</daysSinceFirstVisit>
		<daysSinceLastEcommerceOrder>50</daysSinceLastEcommerceOrder>
		<daysSinceLastVisit>10</daysSinceLastVisit>
		<deviceType>Unknown</deviceType>
		<events>1</events>
		
		<goalConversions>2</goalConversions>
		<idSite>1</idSite>
		<idVisit>24</idVisit>
		
		
		<latitude>49.250000</latitude>
		<location>Vancouver, British Columbia, Canada</location>
		<longitude>-123.133003</longitude>
		<operatingSystem>Unknown</operatingSystem>
		<operatingSystemCode>UNK</operatingSystemCode>
		<operatingSystemIcon>plugins/UserSettings/images/os/UNK.gif</operatingSystemIcon>
		<operatingSystemShortName>Unknown</operatingSystemShortName>
		<plugins>flash, java</plugins>
		<pluginsIcons>
			<row>
				<pluginIcon>plugins/UserSettings/images/plugins/flash.gif</pluginIcon>
				<pluginName>flash</pluginName>
			</row>
			<row>
				<pluginIcon>plugins/UserSettings/images/plugins/java.gif</pluginIcon>
				<pluginName>java</pluginName>
			</row>
		</pluginsIcons>
		<provider>Unknown</provider>
		<providerName>Unknown</providerName>
		<providerUrl>http://piwik.org/faq/general/#faq_52</providerUrl>
		<referrerKeyword />
		<referrerKeywordPosition />
		<referrerName />
		<referrerSearchEngineIcon />
		<referrerSearchEngineUrl />
		<referrerType>direct</referrerType>
		<referrerTypeName>Direct Entry</referrerTypeName>
		<referrerUrl />
		<region>British Columbia</region>
		<regionCode>BC</regionCode>
		<resolution>1024x768</resolution>
		<screenType>normal</screenType>
		<screenTypeIcon>plugins/UserSettings/images/screens/normal.gif</screenTypeIcon>
		<searches>1</searches>
		
		<siteCurrency>USD</siteCurrency>
		<siteCurrencySymbol>$</siteCurrencySymbol>
		<visitConverted>1</visitConverted>
		<visitConvertedIcon>plugins/Morpheus/images/goal.png</visitConvertedIcon>
		<visitCount>5</visitCount>
		<visitDuration>1261</visitDuration>
		<visitDurationPretty>21 min 1s</visitDurationPretty>
		<visitEcommerceStatus>none</visitEcommerceStatus>
		<visitEcommerceStatusIcon />
		<visitIp>137.82.130.0</visitIp>
		<visitLocalHour>12</visitLocalHour>
		<visitLocalTime>12:34:06</visitLocalTime>
		
		
		<visitorType>returningCustomer</visitorType>
		<visitorTypeIcon>plugins/Live/images/returningVisitor.gif</visitorTypeIcon>
		
		
		
		
		
	</row>
	<row>
		<actionDetails>
			<row>
				<type>goal</type>
				<goalName>all</goalName>
				<goalId>1</goalId>
				<revenue>5</revenue>
				<goalPageId>54</goalPageId>
				
				<url>http://piwik.net/grue/lair</url>
				<icon>plugins/Morpheus/images/goal.png</icon>
			</row>
			<row>
				<type>action</type>
				<url>http://piwik.net/grue/lair</url>
				<pageTitle>It&amp;#039;s &lt;script&gt; pitch black...</pageTitle>
				<pageIdAction>2</pageIdAction>
				
				<pageId>54</pageId>
				<customVariables>
					<row>
						<customVariablePageName2>Cvar 2 PAGE name</customVariablePageName2>
						<customVariablePageValue2>Cvar2 PAGE value is 0</customVariablePageValue2>
					</row>
					<row>
						<customVariablePageName5>Cvar 5 PAGE name</customVariablePageName5>
						<customVariablePageValue5>Cvar5 PAGE value is 0</customVariablePageValue5>
					</row>
				</customVariables>
				<icon />
			</row>
		</actionDetails>
		<actions>1</actions>
		<browserCode>FF</browserCode>
		<browserFamily>gecko</browserFamily>
		<browserFamilyDescription>Gecko (Firefox)</browserFamilyDescription>
		<browserIcon>plugins/UserSettings/images/browsers/FF.gif</browserIcon>
		<browserName>Firefox 3.6</browserName>
		<browserVersion>3.6</browserVersion>
		<city />
		<continent>Europe</continent>
		<continentCode>eur</continentCode>
		<country>Italy</country>
		<countryCode>it</countryCode>
		<countryFlag>plugins/UserCountry/images/flags/it.png</countryFlag>
		<customVariables>
			<row>
				<customVariableName1>Cvar 1 name</customVariableName1>
				<customVariableValue1>Cvar1 value is 0</customVariableValue1>
			</row>
			<row>
				<customVariableName5>Cvar 5 name</customVariableName5>
				<customVariableValue5>Cvar5 value is 0</customVariableValue5>
			</row>
		</customVariables>
		<daysSinceFirstVisit>0</daysSinceFirstVisit>
		<daysSinceLastEcommerceOrder>0</daysSinceLastEcommerceOrder>
		<daysSinceLastVisit>0</daysSinceLastVisit>
		<deviceType>Desktop</deviceType>
		<events>0</events>
		
		<goalConversions>1</goalConversions>
		<idSite>1</idSite>
		<idVisit>31</idVisit>
		
		
		<latitude />
		<location>Italy</location>
		<longitude />
		<operatingSystem>Windows XP</operatingSystem>
		<operatingSystemCode>WXP</operatingSystemCode>
		<operatingSystemIcon>plugins/UserSettings/images/os/WXP.gif</operatingSystemIcon>
		<operatingSystemShortName>Win XP</operatingSystemShortName>
		<plugins>flash, java</plugins>
		<pluginsIcons>
			<row>
				<pluginIcon>plugins/UserSettings/images/plugins/flash.gif</pluginIcon>
				<pluginName>flash</pluginName>
			</row>
			<row>
				<pluginIcon>plugins/UserSettings/images/plugins/java.gif</pluginIcon>
				<pluginName>java</pluginName>
			</row>
		</pluginsIcons>
		<provider>Unknown</provider>
		<providerName>Unknown</providerName>
		<providerUrl>http://piwik.org/faq/general/#faq_52</providerUrl>
		<referrerKeyword />
		<referrerKeywordPosition />
		<referrerName />
		<referrerSearchEngineIcon />
		<referrerSearchEngineUrl />
		<referrerType>direct</referrerType>
		<referrerTypeName>Direct Entry</referrerTypeName>
		<referrerUrl />
		<region />
		<regionCode />
		<resolution>1024x768</resolution>
		<screenType>normal</screenType>
		<screenTypeIcon>plugins/UserSettings/images/screens/normal.gif</screenTypeIcon>
		<searches>0</searches>
		
		<siteCurrency>USD</siteCurrency>
		<siteCurrencySymbol>$</siteCurrencySymbol>
		<visitConverted>1</visitConverted>
		<visitConvertedIcon>plugins/Morpheus/images/goal.png</visitConvertedIcon>
		<visitCount>1</visitCount>
		<visitDuration>0</visitDuration>
		<visitDurationPretty>0s</visitDurationPretty>
		<visitEcommerceStatus>none</visitEcommerceStatus>
		<visitEcommerceStatusIcon />
		<visitIp>151.100.101.92</visitIp>
		<visitLocalHour>12</visitLocalHour>
		<visitLocalTime>12:34:06</visitLocalTime>
		
		
		<visitorType>new</visitorType>
		<visitorTypeIcon />
		
		
		
		
		
	</row>
</result>